// Vitest Snapshot v1, https://vitest.dev/guide/snapshot.html

exports[`LoginForm matches snapshot 1`] = `
<DocumentFragment>
  <form
    class="space-y-4"
  >
    <div>
      <label
        class="block text-sm font-medium text-pale-sky-900 mb-1 "
        for="login-email"
      >
        Email
      </label>
      <input
        autocomplete="email"
        class="w-full rounded-md border border-pale-sky-200 bg-white px-3 py-2 text-sm text-pale-sky-900 placeholder:text-pale-sky-400 focus:outline-none focus:border-pale-sky-500 focus:ring-2 focus:ring-pale-sky-200 disabled:bg-pale-sky-50 disabled:text-pale-sky-700 disabled:cursor-not-allowed "
        id="login-email"
        required=""
        type="email"
        value=""
      />
    </div>
    <div>
      <label
        class="block text-sm font-medium text-pale-sky-900 mb-1 "
        for="login-password"
      >
        Password
      </label>
      <input
        autocomplete="current-password"
        class="w-full rounded-md border border-pale-sky-200 bg-white px-3 py-2 text-sm text-pale-sky-900 placeholder:text-pale-sky-400 focus:outline-none focus:border-pale-sky-500 focus:ring-2 focus:ring-pale-sky-200 disabled:bg-pale-sky-50 disabled:text-pale-sky-700 disabled:cursor-not-allowed "
        id="login-password"
        minlength="1"
        required=""
        type="password"
        value=""
      />
    </div>
    <button
      class="inline-flex items-center justify-center gap-2 rounded-md px-4 py-2 text-sm font-medium transition-colors focus:outline-none focus-visible:ring-2 focus-visible:ring-offset-2 disabled:opacity-50 disabled:cursor-not-allowed bg-pale-sky-600 text-white hover:bg-pale-sky-700 focus-visible:ring-pale-sky-500 w-full"
      type="submit"
    >
      Log in
    </button>
  </form>
</DocumentFragment>
`;
